#-----------------------------------------------------------
# Vivado v2024.1 (64-bit)
# SW Build 5076996 on Wed May 22 18:36:09 MDT 2024
# IP Build 5075265 on Wed May 22 21:45:21 MDT 2024
# SharedData Build 5076995 on Wed May 22 18:29:18 MDT 2024
# Start of session at: Sat Nov 30 21:55:12 2024
# Process ID: 9539
# Current directory: /home/melanie/Desktop/pipelined-basys3
# Command line: vivado
# Log file: /home/melanie/Desktop/pipelined-basys3/vivado.log
# Journal file: /home/melanie/Desktop/pipelined-basys3/vivado.jou
# Running On        :melanie-OMEN-Laptop-15-ek0xxx
# Platform          :Ubuntu
# Operating System  :Ubuntu 22.04.5 LTS
# Processor Detail  :Intel(R) Core(TM) i7-10750H CPU @ 2.60GHz
# CPU Frequency     :3334.678 MHz
# CPU Physical cores:6
# CPU Logical cores :12
# Host memory       :12300 MB
# Swap memory       :2147 MB
# Total Virtual     :14447 MB
# Available Virtual :10773 MB
#-----------------------------------------------------------
start_gui
open_project /home/melanie/Desktop/pipelined-basys3/ProyectoFinal.xpr
update_compile_order -fileset sources_1
reset_run synth_1
launch_runs impl_1 -to_step write_bitstream -jobs 6
wait_on_run impl_1
open_run impl_1
open_hw_manager
connect_hw_server -allow_non_jtag
