#-----------------------------------------------------------
# Vivado v2024.1 (64-bit)
# SW Build 5076996 on Wed May 22 18:36:09 MDT 2024
# IP Build 5075265 on Wed May 22 21:45:21 MDT 2024
# SharedData Build 5076995 on Wed May 22 18:29:18 MDT 2024
# Start of session at: Fri Nov 29 18:02:32 2024
# Process ID: 5018
# Current directory: /home/melanie/Git/pipelined-arm
# Command line: vivado ProyectoFinal.xpr
# Log file: /home/melanie/Git/pipelined-arm/vivado.log
# Journal file: /home/melanie/Git/pipelined-arm/vivado.jou
# Running On        :melanie-OMEN-Laptop-15-ek0xxx
# Platform          :Ubuntu
# Operating System  :Ubuntu 22.04.5 LTS
# Processor Detail  :Intel(R) Core(TM) i7-10750H CPU @ 2.60GHz
# CPU Frequency     :3539.341 MHz
# CPU Physical cores:6
# CPU Logical cores :12
# Host memory       :12300 MB
# Swap memory       :2147 MB
# Total Virtual     :14447 MB
# Available Virtual :12115 MB
#-----------------------------------------------------------
start_gui
open_project ProyectoFinal.xpr
update_compile_order -fileset sources_1
launch_simulation
source testbench.tcl
current_wave_config {Untitled 1}
add_wave {{/testbench/dut/arm/dp/InstrF}} {{/testbench/dut/arm/dp/InstrD}} 
current_wave_config {Untitled 1}
add_wave {{/testbench/dut/arm/dp/alu/a}} {{/testbench/dut/arm/dp/alu/b}} {{/testbench/dut/arm/dp/alu/ALUControl}} {{/testbench/dut/arm/dp/alu/Result}} {{/testbench/dut/arm/dp/alu/ALUFlags}} 
relaunch_sim
current_wave_config {Untitled 1}
add_wave {{/testbench/dut/arm/dp/rf/rf}} 
relaunch_sim
relaunch_sim
close_sim
launch_simulation
source testbench.tcl
current_wave_config {Untitled 2}
add_wave {{/testbench/dut/arm/dp/InstrF}} {{/testbench/dut/arm/dp/InstrD}} 
current_wave_config {Untitled 2}
add_wave {{/testbench/dut/arm/dp/alu/a}} {{/testbench/dut/arm/dp/alu/b}} {{/testbench/dut/arm/dp/alu/ALUControl}} {{/testbench/dut/arm/dp/alu/Result}} {{/testbench/dut/arm/dp/alu/ALUFlags}} 
relaunch_sim
