#-----------------------------------------------------------
# Vivado v2024.1 (64-bit)
# SW Build 5076996 on Wed May 22 18:36:09 MDT 2024
# IP Build 5075265 on Wed May 22 21:45:21 MDT 2024
# SharedData Build 5076995 on Wed May 22 18:29:18 MDT 2024
# Start of session at: Sat Nov 23 12:50:38 2024
# Process ID: 5936
# Current directory: /home/melanie/Git/pipelined-arm
# Command line: vivado ProyectoFinal.xpr
# Log file: /home/melanie/Git/pipelined-arm/vivado.log
# Journal file: /home/melanie/Git/pipelined-arm/vivado.jou
# Running On        :melanie-OMEN-Laptop-15-ek0xxx
# Platform          :Ubuntu
# Operating System  :Ubuntu 22.04.5 LTS
# Processor Detail  :Intel(R) Core(TM) i7-10750H CPU @ 2.60GHz
# CPU Frequency     :3499.778 MHz
# CPU Physical cores:6
# CPU Logical cores :12
# Host memory       :12300 MB
# Swap memory       :2147 MB
# Total Virtual     :14447 MB
# Available Virtual :10952 MB
#-----------------------------------------------------------
start_gui
open_project ProyectoFinal.xpr
update_compile_order -fileset sources_1
launch_simulation
source testbench.tcl
add_bp {/home/melanie/Git/pipelined-arm/ProyectoFinal.srcs/sources_1/new/datapath.v} 169
remove_bps -file {/home/melanie/Git/pipelined-arm/ProyectoFinal.srcs/sources_1/new/datapath.v} -line 169
close_sim
launch_simulation
launch_simulation
update_compile_order -fileset sources_1
update_compile_order -fileset sources_1
launch_simulation
launch_simulation
source testbench.tcl
current_wave_config {Untitled 2}
add_wave {{/testbench/dut/arm/dp/rf/rf}} 
relaunch_sim
current_wave_config {Untitled 2}
add_wave {{/testbench/dut/arm/dp/InstrF}} 
relaunch_sim
current_wave_config {Untitled 2}
add_wave {{/testbench/dut/arm/dp/StallF}} 
relaunch_sim
close_sim
launch_simulation
source testbench.tcl
current_wave_config {}
add_wave {{/testbench/dut/arm/dp/rf}} 
current_wave_config {Untitled 3}
add_wave {{/testbench/dut/arm/dp/StallF}} 
remove_forces { {/testbench/dut/arm/dp/rf/ra1} {/testbench/dut/arm/dp/rf/ra2} {/testbench/dut/arm/dp/rf/wa3} {/testbench/dut/arm/dp/rf/wd3} {/testbench/dut/arm/dp/rf/r15} {/testbench/dut/arm/dp/rf/rd1} {/testbench/dut/arm/dp/rf/rd2} }
relaunch_sim
relaunch_sim
close_sim
launch_simulation
source testbench.tcl
current_wave_config {}
add_wave {{/testbench/dut/arm/h/Match_12D_E}} 
relaunch_sim
close_sim
launch_simulation
source testbench.tcl
current_wave_config {Untitled 5}
add_wave {{/testbench/dut/arm/dp/rf/rf}} 
relaunch_sim
