#-----------------------------------------------------------
# Vivado v2024.1 (64-bit)
# SW Build 5076996 on Wed May 22 18:36:09 MDT 2024
# IP Build 5075265 on Wed May 22 21:45:21 MDT 2024
# SharedData Build 5076995 on Wed May 22 18:29:18 MDT 2024
# Start of session at: Sat Nov 30 17:30:28 2024
# Process ID: 47582
# Current directory: /home/jorughen/Desktop/basys3/pipelined-arm/ProyectoFinal.runs/synth_1
# Command line: vivado -log basys3.vds -product Vivado -mode batch -messageDb vivado.pb -notrace -source basys3.tcl
# Log file: /home/jorughen/Desktop/basys3/pipelined-arm/ProyectoFinal.runs/synth_1/basys3.vds
# Journal file: /home/jorughen/Desktop/basys3/pipelined-arm/ProyectoFinal.runs/synth_1/vivado.jou
# Running On        :archlinux
# Platform          :unknown
# Operating System  :unknown
# Processor Detail  :AMD Ryzen 5 7530U with Radeon Graphics
# CPU Frequency     :400.000 MHz
# CPU Physical cores:6
# CPU Logical cores :12
# Host memory       :16137 MB
# Swap memory       :4294 MB
# Total Virtual     :20432 MB
# Available Virtual :13503 MB
#-----------------------------------------------------------
source basys3.tcl -notrace
